// Jest Snapshot v1, https://goo.gl/fbAQLP

exports[`Recipient Form component matches snapshot 1`] = `
<div
  className="Part__PartStyle-sc-w1a2bb-0 emgBFP"
>
  <div
    className="Part__RowStyle-sc-w1a2bb-1 klLhcz"
  >
    <div
      className="Part__FieldStyle-sc-w1a2bb-2 mKSJE"
    >
      <label
        className="itemLabel"
      >
         *
      </label>
      <input
        name="fullname"
        onChange={[MockFunction]}
        type="text"
        value="Jon Snow"
      />
    </div>
    <div
      className="Part__FieldStyle-sc-w1a2bb-2 mKSJE"
    >
      <label
        className="itemLabel"
      />
      <input
        name="company"
        onChange={[MockFunction]}
        type="text"
        value=""
      />
    </div>
  </div>
  <div
    className="Part__RowStyle-sc-w1a2bb-1 klLhcz"
  >
    <div
      className="Part__FieldStyle-sc-w1a2bb-2 mKSJE"
    >
      <label
        className="itemLabel"
      >
         *
      </label>
      <input
        name="email"
        onChange={[MockFunction]}
        type="text"
        value="john@hbo.com"
      />
    </div>
    <div
      className="Part__FieldStyle-sc-w1a2bb-2 mKSJE"
    >
      <label
        className="itemLabel"
      />
      <input
        name="phone"
        onChange={[MockFunction]}
        type="text"
        value=""
      />
    </div>
  </div>
  <div
    className="Part__RowStyle-sc-w1a2bb-1 klLhcz"
  >
    <div
      className="Part__FieldStyle-sc-w1a2bb-2 mKSJE"
    >
      <label
        className="itemLabel"
      />
      <input
        name="address"
        onChange={[MockFunction]}
        type="text"
        value=""
      />
    </div>
  </div>
</div>
`;
