// Jest Snapshot v1, https://goo.gl/fbAQLP

exports[`Renders correctly to the DOM matches snapshot 1`] = `
<div
  className="col-lg-6"
>
  <div
    className="Invoice__Wrapper-sc-igsenw-0 hfzbZB"
  >
    <div
      className="Invoice__StatusBar-sc-igsenw-2 cjPjZW"
    />
    <div
      className="Invoice__Header-sc-igsenw-1 dGLtjB"
    >
      <div
        className="Invoice__Status-sc-igsenw-3 xZltb"
      >
        <span>
          <i
            className="ion-loop"
          />
          Pending
        </span>
      </div>
      <div
        className="Invoice__ButtonsGroup-sc-igsenw-4 dRRChM"
      >
        <button
          className="Button__ButtonLinkStyle-sc-lvp9e-1 xbxJF"
          onClick={[Function]}
        >
          <i
            className="ion-ios-copy"
          />
        </button>
        <button
          className="Button__ButtonLinkStyle-sc-lvp9e-1 xbxJF"
          onClick={[Function]}
        >
          <i
            className="ion-trash-a"
          />
        </button>
      </div>
    </div>
    <div
      className="Invoice__Body-sc-igsenw-5 fTjVXF"
    >
      <div
        className="Invoice__Row-sc-igsenw-7 ggPAQb"
      >
        <div
          className="Invoice__Field-sc-igsenw-8 dcENEK"
        >
          <label>
            Pending
          </label>
          <h2>
            Penelope Hettinger
          </h2>
        </div>
      </div>
      <div
        className="Invoice__Row-sc-igsenw-7 ggPAQb"
      >
        <div
          className="Invoice__Field-sc-igsenw-8 dcENEK"
        >
          <label>
            Pending
          </label>
          <p>
            37b2804e
          </p>
        </div>
        <div
          className="Invoice__Field-sc-igsenw-8 dcENEK"
        >
          <label>
            Pending
          </label>
          <p>
             
            3 843
             
            USD
          </p>
        </div>
      </div>
      <div
        className="Invoice__Row-sc-igsenw-7 ggPAQb"
      >
        <div
          className="Invoice__Field-sc-igsenw-8 dcENEK"
        >
          <label>
            Pending
          </label>
          <p>
            01/17/22
          </p>
        </div>
        <div
          className="Invoice__Field-sc-igsenw-8 dcENEK"
        >
          <label>
            Pending
          </label>
          <p />
        </div>
      </div>
    </div>
    <div
      className="Invoice__Footer-sc-igsenw-6 kKfCkU"
    >
      <div>
        <div
          className="SplitButton__Wrapper-sc-1j4u7fk-0 bLWRFA"
        >
          <div
            className="SplitButton__ButtonsGroup-sc-1j4u7fk-1 cFBIKp"
          >
            <a
              href="#"
              onClick={[Function]}
            >
              Pending
            </a>
            <a
              href="#"
              onClick={[Function]}
            >
              <i
                className="ion-arrow-down-b"
              />
            </a>
          </div>
        </div>
      </div>
      <button
        className="Button__ButtonStyle-sc-lvp9e-0 dmuXOt"
        onClick={[Function]}
      >
        Pending
      </button>
      <button
        className="Button__ButtonStyle-sc-lvp9e-0 dmuXOt"
        onClick={[Function]}
      >
        Pending
      </button>
    </div>
  </div>
</div>
`;
